
> tw-website@0.1.0 build
> next build

   Γû▓ Next.js 15.5.12

   Creating an optimized production build ...
 Γ£ô Compiled successfully in 5.4s
   Linting and checking validity of types ...
node.exe : 
At line:1 char:1
+ & "C:\Program 
Files\nodejs/node.exe" 
"C:\Program 
Files\nodejs/node_mo ...
+ ~~~~~~~~~~~~~~~~~~~~~~~~~
~~~~~~~~~~~~~~~~~~~~~~~~~~~
~~~~~~~~~~~~~~~~~
    + CategoryInfo         
     : NotSpecified: (:St  
  ring) [], RemoteExcept   
 ion
    + FullyQualifiedErrorI 
   d : NativeCommandError
 
Failed to compile.

./src/app/careers/[slug]/pa
ge.tsx
6:52  Warning: 'Clock' is 
defined but never used.  @t
ypescript-eslint/no-unused-
vars
10:34  Error: Unexpected 
any. Specify a different 
type.  @typescript-eslint/n
o-explicit-any
21:9  Warning: 'router' is 
assigned a value but never 
used.  @typescript-eslint/n
o-unused-vars
58:14  Warning: 'error' is 
defined but never used.  @t
ypescript-eslint/no-unused-
vars

./src/app/services/[slug]/p
age.tsx
7:39  Error: Unexpected 
any. Specify a different 
type.  @typescript-eslint/n
o-explicit-any
102:14  Error: 'Link' is 
not defined.  
react/jsx-no-undef

./src/lib/auth.ts
8:40  Error: Unexpected 
any. Specify a different 
type.  @typescript-eslint/n
o-explicit-any
16:55  Error: Unexpected 
any. Specify a different 
type.  @typescript-eslint/n
o-explicit-any

info  - Need to disable 
some ESLint rules? Learn 
more here: https://nextjs.o
rg/docs/app/api-reference/c
onfig/eslint#disabling-rule
s
